Archive member included to satisfy reference by file (symbol)

C:/ST/STM32CubeIDE_1.13.2/STM32CubeIDE/plugins/com.st.stm32cube.ide.mcu.externaltools.gnu-tools-for-stm32.11.3.rel1.win32_1.1.1.202309131626/tools/bin/../lib/gcc/arm-none-eabi/11.3.1/../../../../arm-none-eabi/lib/thumb/v7e-m+fp/hard\libc_nano.a(libc_a-exit.o)
                              C:/ST/STM32CubeIDE_1.13.2/STM32CubeIDE/plugins/com.st.stm32cube.ide.mcu.externaltools.gnu-tools-for-stm32.11.3.rel1.win32_1.1.1.202309131626/tools/bin/../lib/gcc/arm-none-eabi/11.3.1/../../../../arm-none-eabi/lib/thumb/v7e-m+fp/hard/crt0.o (exit)
C:/ST/STM32CubeIDE_1.13.2/STM32CubeIDE/plugins/com.st.stm32cube.ide.mcu.externaltools.gnu-tools-for-stm32.11.3.rel1.win32_1.1.1.202309131626/tools/bin/../lib/gcc/arm-none-eabi/11.3.1/../../../../arm-none-eabi/lib/thumb/v7e-m+fp/hard\libc_nano.a(libc_a-findfp.o)
                              C:/ST/STM32CubeIDE_1.13.2/STM32CubeIDE/plugins/com.st.stm32cube.ide.mcu.externaltools.gnu-tools-for-stm32.11.3.rel1.win32_1.1.1.202309131626/tools/bin/../lib/gcc/arm-none-eabi/11.3.1/../../../../arm-none-eabi/lib/thumb/v7e-m+fp/hard\libc_nano.a(libc_a-exit.o) (__stdio_exit_handler)
C:/ST/STM32CubeIDE_1.13.2/STM32CubeIDE/plugins/com.st.stm32cube.ide.mcu.externaltools.gnu-tools-for-stm32.11.3.rel1.win32_1.1.1.202309131626/tools/bin/../lib/gcc/arm-none-eabi/11.3.1/../../../../arm-none-eabi/lib/thumb/v7e-m+fp/hard\libc_nano.a(libc_a-fwalk.o)
                              C:/ST/STM32CubeIDE_1.13.2/STM32CubeIDE/plugins/com.st.stm32cube.ide.mcu.externaltools.gnu-tools-for-stm32.11.3.rel1.win32_1.1.1.202309131626/tools/bin/../lib/gcc/arm-none-eabi/11.3.1/../../../../arm-none-eabi/lib/thumb/v7e-m+fp/hard\libc_nano.a(libc_a-findfp.o) (_fwalk_sglue)
C:/ST/STM32CubeIDE_1.13.2/STM32CubeIDE/plugins/com.st.stm32cube.ide.mcu.externaltools.gnu-tools-for-stm32.11.3.rel1.win32_1.1.1.202309131626/tools/bin/../lib/gcc/arm-none-eabi/11.3.1/../../../../arm-none-eabi/lib/thumb/v7e-m+fp/hard\libc_nano.a(libc_a-sprintf.o)
                              ./APP/Src/app_thermostat.o (sprintf)
C:/ST/STM32CubeIDE_1.13.2/STM32CubeIDE/plugins/com.st.stm32cube.ide.mcu.externaltools.gnu-tools-for-stm32.11.3.rel1.win32_1.1.1.202309131626/tools/bin/../lib/gcc/arm-none-eabi/11.3.1/../../../../arm-none-eabi/lib/thumb/v7e-m+fp/hard\libc_nano.a(libc_a-stdio.o)
                              C:/ST/STM32CubeIDE_1.13.2/STM32CubeIDE/plugins/com.st.stm32cube.ide.mcu.externaltools.gnu-tools-for-stm32.11.3.rel1.win32_1.1.1.202309131626/tools/bin/../lib/gcc/arm-none-eabi/11.3.1/../../../../arm-none-eabi/lib/thumb/v7e-m+fp/hard\libc_nano.a(libc_a-findfp.o) (__sread)
C:/ST/STM32CubeIDE_1.13.2/STM32CubeIDE/plugins/com.st.stm32cube.ide.mcu.externaltools.gnu-tools-for-stm32.11.3.rel1.win32_1.1.1.202309131626/tools/bin/../lib/gcc/arm-none-eabi/11.3.1/../../../../arm-none-eabi/lib/thumb/v7e-m+fp/hard\libc_nano.a(libc_a-memset.o)
                              C:/ST/STM32CubeIDE_1.13.2/STM32CubeIDE/plugins/com.st.stm32cube.ide.mcu.externaltools.gnu-tools-for-stm32.11.3.rel1.win32_1.1.1.202309131626/tools/bin/../lib/gcc/arm-none-eabi/11.3.1/../../../../arm-none-eabi/lib/thumb/v7e-m+fp/hard/crt0.o (memset)
C:/ST/STM32CubeIDE_1.13.2/STM32CubeIDE/plugins/com.st.stm32cube.ide.mcu.externaltools.gnu-tools-for-stm32.11.3.rel1.win32_1.1.1.202309131626/tools/bin/../lib/gcc/arm-none-eabi/11.3.1/../../../../arm-none-eabi/lib/thumb/v7e-m+fp/hard\libc_nano.a(libc_a-closer.o)
                              C:/ST/STM32CubeIDE_1.13.2/STM32CubeIDE/plugins/com.st.stm32cube.ide.mcu.externaltools.gnu-tools-for-stm32.11.3.rel1.win32_1.1.1.202309131626/tools/bin/../lib/gcc/arm-none-eabi/11.3.1/../../../../arm-none-eabi/lib/thumb/v7e-m+fp/hard\libc_nano.a(libc_a-stdio.o) (_close_r)
C:/ST/STM32CubeIDE_1.13.2/STM32CubeIDE/plugins/com.st.stm32cube.ide.mcu.externaltools.gnu-tools-for-stm32.11.3.rel1.win32_1.1.1.202309131626/tools/bin/../lib/gcc/arm-none-eabi/11.3.1/../../../../arm-none-eabi/lib/thumb/v7e-m+fp/hard\libc_nano.a(libc_a-reent.o)
                              C:/ST/STM32CubeIDE_1.13.2/STM32CubeIDE/plugins/com.st.stm32cube.ide.mcu.externaltools.gnu-tools-for-stm32.11.3.rel1.win32_1.1.1.202309131626/tools/bin/../lib/gcc/arm-none-eabi/11.3.1/../../../../arm-none-eabi/lib/thumb/v7e-m+fp/hard\libc_nano.a(libc_a-closer.o) (errno)
C:/ST/STM32CubeIDE_1.13.2/STM32CubeIDE/plugins/com.st.stm32cube.ide.mcu.externaltools.gnu-tools-for-stm32.11.3.rel1.win32_1.1.1.202309131626/tools/bin/../lib/gcc/arm-none-eabi/11.3.1/../../../../arm-none-eabi/lib/thumb/v7e-m+fp/hard\libc_nano.a(libc_a-impure.o)
                              C:/ST/STM32CubeIDE_1.13.2/STM32CubeIDE/plugins/com.st.stm32cube.ide.mcu.externaltools.gnu-tools-for-stm32.11.3.rel1.win32_1.1.1.202309131626/tools/bin/../lib/gcc/arm-none-eabi/11.3.1/../../../../arm-none-eabi/lib/thumb/v7e-m+fp/hard\libc_nano.a(libc_a-sprintf.o) (_impure_ptr)
[...]
Memory Configuration

Name             Origin             Length             Attributes
RAM              0x0000000020000000 0x0000000000018000 xrw
FLASH            0x0000000008000000 0x0000000000080000 xr
*default*        0x0000000000000000 0xffffffffffffffff

Linker script and memory map

LOAD C:/ST/STM32CubeIDE_1.13.2/STM32CubeIDE/plugins/com.st.stm32cube.ide.mcu.externaltools.gnu-tools-for-stm32.11.3.rel1.win32_1.1.1.202309131626/tools/bin/../lib/gcc/arm-none-eabi/11.3.1/thumb/v7e-m+fp/hard/crti.o
LOAD C:/ST/STM32CubeIDE_1.13.2/STM32CubeIDE/plugins/com.st.stm32cube.ide.mcu.externaltools.gnu-tools-for-stm32.11.3.rel1.win32_1.1.1.202309131626/tools/bin/../lib/gcc/arm-none-eabi/11.3.1/thumb/v7e-m+fp/hard/crtbegin.o
LOAD C:/ST/STM32CubeIDE_1.13.2/STM32CubeIDE/plugins/com.st.stm32cube.ide.mcu.externaltools.gnu-tools-for-stm32.11.3.rel1.win32_1.1.1.202309131626/tools/bin/../lib/gcc/arm-none-eabi/11.3.1/../../../../arm-none-eabi/lib/thumb/v7e-m+fp/hard/crt0.o
LOAD ./APP/Src/app_thermostat.o
LOAD ./BSP/Src/bsp_delay.o
LOAD ./BSP/Src/bsp_ds18b20.o
LOAD ./BSP/Src/bsp_gpio.o
LOAD ./BSP/Src/bsp_lcd.o
LOAD ./Core/Src/main.o
LOAD ./Core/Src/stm32f4xx_it.o
LOAD ./Core/Src/syscalls.o
LOAD ./Core/Src/sysmem.o
LOAD ./Core/Src/system_stm32f4xx.o
LOAD ./Core/Startup/startup_stm32f401ceux.o
LOAD ./Drivers/STM32F4xx_HAL_Driver/Src/stm32f4xx_ll_dma.o
LOAD ./Drivers/STM32F4xx_HAL_Driver/Src/stm32f4xx_ll_exti.o
LOAD ./Drivers/STM32F4xx_HAL_Driver/Src/stm32f4xx_ll_gpio.o
LOAD ./Drivers/STM32F4xx_HAL_Driver/Src/stm32f4xx_ll_rcc.o
LOAD ./Drivers/STM32F4xx_HAL_Driver/Src/stm32f4xx_ll_tim.o
LOAD ./Drivers/STM32F4xx_HAL_Driver/Src/stm32f4xx_ll_utils.o
START GROUP
LOAD C:/ST/STM32CubeIDE_1.13.2/STM32CubeIDE/plugins/com.st.stm32cube.ide.mcu.externaltools.gnu-tools-for-stm32.11.3.rel1.win32_1.1.1.202309131626/tools/bin/../lib/gcc/arm-none-eabi/11.3.1/../../../../arm-none-eabi/lib/thumb/v7e-m+fp/hard\libc_nano.a
LOAD C:/ST/STM32CubeIDE_1.13.2/STM32CubeIDE/plugins/com.st.stm32cube.ide.mcu.externaltools.gnu-tools-for-stm32.11.3.rel1.win32_1.1.1.202309131626/tools/bin/../lib/gcc/arm-none-eabi/11.3.1/../../../../arm-none-eabi/lib/thumb/v7e-m+fp/hard\libm.a
END GROUP
START GROUP
LOAD C:/ST/STM32CubeIDE_1.13.2/STM32CubeIDE/plugins/com.st.stm32cube.ide.mcu.externaltools.gnu-tools-for-stm32.11.3.rel1.win32_1.1.1.202309131626/tools/bin/../lib/gcc/arm-none-eabi/11.3.1/thumb/v7e-m+fp/hard\libgcc.a
LOAD C:/ST/STM32CubeIDE_1.13.2/STM32CubeIDE/plugins/com.st.stm32cube.ide.mcu.externaltools.gnu-tools-for-stm32.11.3.rel1.win32_1.1.1.202309131626/tools/bin/../lib/gcc/arm-none-eabi/11.3.1/../../../../arm-none-eabi/lib/thumb/v7e-m+fp/hard\libc_nano.a
END GROUP
START GROUP
LOAD C:/ST/STM32CubeIDE_1.13.2/STM32CubeIDE/plugins/com.st.stm32cube.ide.mcu.externaltools.gnu-tools-for-stm32.11.3.rel1.win32_1.1.1.202309131626/tools/bin/../lib/gcc/arm-none-eabi/11.3.1/thumb/v7e-m+fp/hard\libgcc.a
LOAD C:/ST/STM32CubeIDE_1.13.2/STM32CubeIDE/plugins/com.st.stm32cube.ide.mcu.externaltools.gnu-tools-for-stm32.11.3.rel1.win32_1.1.1.202309131626/tools/bin/../lib/gcc/arm-none-eabi/11.3.1/../../../../arm-none-eabi/lib/thumb/v7e-m+fp/hard\libc_nano.a
LOAD C:/ST/STM32CubeIDE_1.13.2/STM32CubeIDE/plugins/com.st.stm32cube.ide.mcu.externaltools.gnu-tools-for-stm32.11.3.rel1.win32_1.1.1.202309131626/tools/bin/../lib/gcc/arm-none-eabi/11.3.1/../../../../arm-none-eabi/lib/thumb/v7e-m+fp/hard\libnosys.a
END GROUP
START GROUP
LOAD C:/ST/STM32CubeIDE_1.13.2/STM32CubeIDE/plugins/com.st.stm32cube.ide.mcu.externaltools.gnu-tools-for-stm32.11.3.rel1.win32_1.1.1.202309131626/tools/bin/../lib/gcc/arm-none-eabi/11.3.1/thumb/v7e-m+fp/hard\libgcc.a
LOAD C:/ST/STM32CubeIDE_1.13.2/STM32CubeIDE/plugins/com.st.stm32cube.ide.mcu.externaltools.gnu-tools-for-stm32.11.3.rel1.win32_1.1.1.202309131626/tools/bin/../lib/gcc/arm-none-eabi/11.3.1/../../../../arm-none-eabi/lib/thumb/v7e-m+fp/hard\libc_nano.a
LOAD C:/ST/STM32CubeIDE_1.13.2/STM32CubeIDE/plugins/com.st.stm32cube.ide.mcu.externaltools.gnu-tools-for-stm32.11.3.rel1.win32_1.1.1.202309131626/tools/bin/../lib/gcc/arm-none-eabi/11.3.1/../../../../arm-none-eabi/lib/thumb/v7e-m+fp/hard\libnosys.a
END GROUP
LOAD C:/ST/STM32CubeIDE_1.13.2/STM32CubeIDE/plugins/com.st.stm32cube.ide.mcu.externaltools.gnu-tools-for-stm32.11.3.rel1.win32_1.1.1.202309131626/tools/bin/../lib/gcc/arm-none-eabi/11.3.1/thumb/v7e-m+fp/hard/crtend.o
LOAD C:/ST/STM32CubeIDE_1.13.2/STM32CubeIDE/plugins/com.st.stm32cube.ide.mcu.externaltools.gnu-tools-for-stm32.11.3.rel1.win32_1.1.1.202309131626/tools/bin/../lib/gcc/arm-none-eabi/11.3.1/thumb/v7e-m+fp/hard/crtn.o
                0x0000000020018000                _estack = (ORIGIN (RAM) + LENGTH (RAM))
                0x0000000000000200                _Min_Heap_Size = 0x200
                0x0000000000000400                _Min_Stack_Size = 0x400

.isr_vector     0x0000000008000000      0x194
                0x0000000008000000                . = ALIGN (0x4)
 *(.isr_vector)
 .isr_vector    0x0000000008000000      0x194 ./Core/Startup/startup_stm32f401ceux.o
                0x0000000008000000                g_pfnVectors
                0x0000000008000194                . = ALIGN (0x4)

.text           0x00000000080001a0     0x20d0
                0x00000000080001a0                . = ALIGN (0x4)
 *(.text)
 .text          0x00000000080001a0       0x40 C:/ST/STM32CubeIDE_1.13.2/STM32CubeIDE/plugins/com.st.stm32cube.ide.mcu.externaltools.gnu-tools-for-stm32.11.3.rel1.win32_1.1.1.202309131626/tools/bin/../lib/gcc/arm-none-eabi/11.3.1/thumb/v7e-m+fp/hard/crtbegin.o
 .text          0x00000000080001e0       0xa0 C:/ST/STM32CubeIDE_1.13.2/STM32CubeIDE/plugins/com.st.stm32cube.ide.mcu.externaltools.gnu-tools-for-stm32.11.3.rel1.win32_1.1.1.202309131626/tools/bin/../lib/gcc/arm-none-eabi/11.3.1/../../../../arm-none-eabi/lib/thumb/v7e-m+fp/hard\libc_nano.a(libc_a-memchr.o)
                0x00000000080001e0                memchr
 *(.text*)
 .text.Display_Normal_State
                0x0000000008000280       0x6c ./APP/Src/app_thermostat.o
 .text.Display_Setting_State
                0x00000000080002ec       0xac ./APP/Src/app_thermostat.o
 .text.APP_Thermostat_Init
                0x0000000008000398       0x40 ./APP/Src/app_thermostat.o
                0x0000000008000398                APP_Thermostat_Init
 .text.APP_Thermostat_Run
                0x00000000080003d8      0x120 ./APP/Src/app_thermostat.o
                0x00000000080003d8                APP_Thermostat_Run
 .text.LL_TIM_EnableCounter
                0x00000000080004f8       0x20 ./BSP/Src/bsp_delay.o
 .text.LL_TIM_GetCounter
                0x0000000008000518       0x18 ./BSP/Src/bsp_delay.o
 .text.BSP_Delay_Init
                0x0000000008000530       0x10 ./BSP/Src/bsp_delay.o
                0x0000000008000530                BSP_Delay_Init
 .text.BSP_Delay_us
                0x0000000008000540       0x32 ./BSP/Src/bsp_delay.o
                0x0000000008000540                BSP_Delay_us
 .text.BSP_Delay_ms
                0x0000000008000572       0x26 ./BSP/Src/bsp_delay.o
                0x0000000008000572                BSP_Delay_ms
 .text.LL_GPIO_SetPinMode
                0x0000000008000598       0x5e ./BSP/Src/bsp_ds18b20.o
 .text.LL_GPIO_IsInputPinSet
                0x00000000080005f6       0x2a ./BSP/Src/bsp_ds18b20.o
 .text.LL_GPIO_ResetOutputPin
                0x0000000008000620       0x1e ./BSP/Src/bsp_ds18b20.o
 *fill*         0x000000000800063e        0x2 
 .text.DS18B20_Reset
                0x0000000008000640       0x74 ./BSP/Src/bsp_ds18b20.o
 .text.DS18B20_WriteBit
                0x00000000080006b4       0x70 ./BSP/Src/bsp_ds18b20.o
 .text.DS18B20_ReadBit
                0x0000000008000724       0x60 ./BSP/Src/bsp_ds18b20.o
 .text.DS18B20_WriteByte
                0x0000000008000784       0x3a ./BSP/Src/bsp_ds18b20.o
 .text.DS18B20_ReadByte
                0x00000000080007be       0x44 ./BSP/Src/bsp_ds18b20.o
 .text.DS18B20_CalcCRC8
                0x0000000008000802       0x72 ./BSP/Src/bsp_ds18b20.o
 .text.BSP_DS18B20_Init
                0x0000000008000874       0x54 ./BSP/Src/bsp_ds18b20.o
                0x0000000008000874                BSP_DS18B20_Init
 .text.BSP_DS18B20_ReadTemp
                0x00000000080008c8       0xc4 ./BSP/Src/bsp_ds18b20.o
                0x00000000080008c8                BSP_DS18B20_ReadTemp
 .text.LL_GPIO_IsInputPinSet
                0x000000000800098c       0x2a ./BSP/Src/bsp_gpio.o
 .text.LL_GPIO_SetOutputPin
                0x00000000080009b6       0x1c ./BSP/Src/bsp_gpio.o
 .text.LL_GPIO_ResetOutputPin
                0x00000000080009d2       0x1e ./BSP/Src/bsp_gpio.o
 .text.BSP_Fan_Control
                0x00000000080009f0       0x34 ./BSP/Src/bsp_gpio.o
                0x00000000080009f0                BSP_Fan_Control
 .text.BSP_Button_Read
                0x0000000008000a24       0x78 ./BSP/Src/bsp_gpio.o
                0x0000000008000a24                BSP_Button_Read
 .text.LL_GPIO_SetOutputPin
                0x0000000008000a9c       0x1c ./BSP/Src/bsp_lcd.o
 .text.LL_GPIO_ResetOutputPin
                0x0000000008000ab8       0x1e ./BSP/Src/bsp_lcd.o
 *fill*         0x0000000008000ad6        0x2 
 .text.LCD_Pulse_Enable
                0x0000000008000ad8       0x28 ./BSP/Src/bsp_lcd.o
 .text.LCD_Write_Nibble
                0x0000000008000b00       0x94 ./BSP/Src/bsp_lcd.o
 .text.BSP_LCD_SendCommand
                0x0000000008000b94       0x4c ./BSP/Src/bsp_lcd.o
                0x0000000008000b94                BSP_LCD_SendCommand
 .text.BSP_LCD_SendData
                0x0000000008000be0       0x38 ./BSP/Src/bsp_lcd.o
                0x0000000008000be0                BSP_LCD_SendData
 .text.BSP_LCD_Init
                0x0000000008000c18       0x60 ./BSP/Src/bsp_lcd.o
                0x0000000008000c18                BSP_LCD_Init
 .text.BSP_LCD_SetCursor
                0x0000000008000c78       0x34 ./BSP/Src/bsp_lcd.o
                0x0000000008000c78                BSP_LCD_SetCursor
 .text.BSP_LCD_Print
                0x0000000008000cac       0x2c ./BSP/Src/bsp_lcd.o
                0x0000000008000cac                BSP_LCD_Print
 .text.BSP_LCD_Clear
                0x0000000008000cd8        0xe ./BSP/Src/bsp_lcd.o
                0x0000000008000cd8                BSP_LCD_Clear
 *fill*         0x0000000008000ce6        0x2 
 .text.__NVIC_SetPriorityGrouping
                0x0000000008000ce8       0x48 ./Core/Src/main.o
 .text.__NVIC_GetPriorityGrouping
                0x0000000008000d30       0x1c ./Core/Src/main.o
 .text.__NVIC_SetPriority
                0x0000000008000d4c       0x54 ./Core/Src/main.o
 .text.NVIC_EncodePriority
                0x0000000008000da0       0x66 ./Core/Src/main.o
 *fill*         0x0000000008000e06        0x2 
 .text.LL_RCC_HSI_Enable
                0x0000000008000e08       0x20 ./Core/Src/main.o
 .text.LL_RCC_HSI_IsReady
                0x0000000008000e28       0x24 ./Core/Src/main.o
 .text.LL_RCC_HSI_SetCalibTrimming
                0x0000000008000e4c       0x2c ./Core/Src/main.o
 .text.LL_RCC_SetSysClkSource
                0x0000000008000e78       0x28 ./Core/Src/main.o
 .text.LL_RCC_GetSysClkSource
                0x0000000008000ea0       0x1c ./Core/Src/main.o
 .text.LL_RCC_SetAHBPrescaler
                0x0000000008000ebc       0x28 ./Core/Src/main.o
 .text.LL_RCC_SetAPB1Prescaler
                0x0000000008000ee4       0x28 ./Core/Src/main.o
 .text.LL_RCC_SetAPB2Prescaler
                0x0000000008000f0c       0x28 ./Core/Src/main.o
 .text.LL_RCC_SetTIMPrescaler
                0x0000000008000f34       0x2c ./Core/Src/main.o
 .text.LL_AHB1_GRP1_EnableClock
                0x0000000008000f60       0x30 ./Core/Src/main.o
 .text.LL_APB1_GRP1_EnableClock
                0x0000000008000f90       0x30 ./Core/Src/main.o
 .text.LL_APB2_GRP1_EnableClock
                0x0000000008000fc0       0x30 ./Core/Src/main.o
 .text.LL_FLASH_SetLatency
                0x0000000008000ff0       0x28 ./Core/Src/main.o
 .text.LL_FLASH_GetLatency
                0x0000000008001018       0x1c ./Core/Src/main.o
 .text.LL_SYSTICK_EnableIT
                0x0000000008001034       0x20 ./Core/Src/main.o
 .text.LL_PWR_SetRegulVoltageScaling
                0x0000000008001054       0x28 ./Core/Src/main.o
 .text.LL_TIM_DisableARRPreload
                0x000000000800107c       0x20 ./Core/Src/main.o
 .text.LL_TIM_SetClockSource
                0x000000000800109c       0x2a ./Core/Src/main.o
 .text.LL_TIM_SetTriggerOutput
                0x00000000080010c6       0x26 ./Core/Src/main.o
 .text.LL_TIM_DisableMasterSlaveMode
                0x00000000080010ec       0x20 ./Core/Src/main.o
 .text.LL_GPIO_ResetOutputPin
                0x000000000800110c       0x1e ./Core/Src/main.o
 .text.main     0x000000000800112a       0x50 ./Core/Src/main.o
                0x000000000800112a                main
 *fill*         0x000000000800117a        0x2 
 .text.SystemClock_Config
                0x000000000800117c       0x74 ./Core/Src/main.o
                0x000000000800117c                SystemClock_Config
 .text.MX_TIM2_Init
                0x00000000080011f0       0x64 ./Core/Src/main.o
 .text.MX_GPIO_Init
                0x0000000008001254       0xbc ./Core/Src/main.o
 .text.NMI_Handler
                0x0000000008001310        0x6 ./Core/Src/stm32f4xx_it.o
                0x0000000008001310                NMI_Handler
 .text.HardFault_Handler
                0x0000000008001316        0x6 ./Core/Src/stm32f4xx_it.o
                0x0000000008001316                HardFault_Handler
 .text.MemManage_Handler
                0x000000000800131c        0x6 ./Core/Src/stm32f4xx_it.o
                0x000000000800131c                MemManage_Handler
 .text.BusFault_Handler
                0x0000000008001322        0x6 ./Core/Src/stm32f4xx_it.o
                0x0000000008001322                BusFault_Handler
 .text.UsageFault_Handler
                0x0000000008001328        0x6 ./Core/Src/stm32f4xx_it.o
                0x0000000008001328                UsageFault_Handler
 .text.SVC_Handler
                0x000000000800132e        0xe ./Core/Src/stm32f4xx_it.o
                0x000000000800132e                SVC_Handler
 .text.DebugMon_Handler
                0x000000000800133c        0xe ./Core/Src/stm32f4xx_it.o
                0x000000000800133c                DebugMon_Handler
 .text.PendSV_Handler
                0x000000000800134a        0xe ./Core/Src/stm32f4xx_it.o
                0x000000000800134a                PendSV_Handler
 .text.SysTick_Handler
                0x0000000008001358       0x1c ./Core/Src/stm32f4xx_it.o
                0x0000000008001358                SysTick_Handler
 .text._sbrk    0x0000000008001374       0x6c ./Core/Src/sysmem.o
                0x0000000008001374                _sbrk
 .text.SystemInit
                0x00000000080013e0       0x24 ./Core/Src/system_stm32f4xx.o
                0x00000000080013e0                SystemInit
 .text.Reset_Handler
                0x0000000008001404       0x50 ./Core/Startup/startup_stm32f401ceux.o
                0x0000000008001404                Reset_Handler
 .text.Default_Handler
                0x0000000008001454        0x2 ./Core/Startup/startup_stm32f401ceux.o
                0x0000000008001454                RTC_Alarm_IRQHandler
                0x0000000008001454                EXTI2_IRQHandler
                0x0000000008001454                SPI4_IRQHandler
                0x0000000008001454                TIM1_CC_IRQHandler
                0x0000000008001454                DMA2_Stream5_IRQHandler
                0x0000000008001454                DMA1_Stream5_IRQHandler
                0x0000000008001454                PVD_IRQHandler
                0x0000000008001454                SDIO_IRQHandler
                0x0000000008001454                TAMP_STAMP_IRQHandler
                0x0000000008001454                EXTI3_IRQHandler
                0x0000000008001454                TIM1_UP_TIM10_IRQHandler
                0x0000000008001454                I2C3_ER_IRQHandler
                0x0000000008001454                EXTI0_IRQHandler
                0x0000000008001454                I2C2_EV_IRQHandler
                0x0000000008001454                DMA1_Stream2_IRQHandler
                0x0000000008001454                FPU_IRQHandler
                0x0000000008001454                DMA2_Stream2_IRQHandler
                0x0000000008001454                SPI1_IRQHandler
                0x0000000008001454                TIM1_BRK_TIM9_IRQHandler
                0x0000000008001454                DMA2_Stream3_IRQHandler
                0x0000000008001454                USART6_IRQHandler
                0x0000000008001454                DMA2_Stream0_IRQHandler
                0x0000000008001454                TIM4_IRQHandler
                0x0000000008001454                I2C1_EV_IRQHandler
                0x0000000008001454                DMA1_Stream6_IRQHandler
                0x0000000008001454                DMA1_Stream1_IRQHandler
                0x0000000008001454                TIM3_IRQHandler
                0x0000000008001454                RCC_IRQHandler
                0x0000000008001454                Default_Handler
                0x0000000008001454                EXTI15_10_IRQHandler
                0x0000000008001454                ADC_IRQHandler
                0x0000000008001454                DMA1_Stream7_IRQHandler
                0x0000000008001454                TIM5_IRQHandler
                0x0000000008001454                DMA2_Stream7_IRQHandler
                0x0000000008001454                I2C3_EV_IRQHandler
                0x0000000008001454                EXTI9_5_IRQHandler
                0x0000000008001454                RTC_WKUP_IRQHandler
                0x0000000008001454                SPI2_IRQHandler
                0x0000000008001454                DMA1_Stream0_IRQHandler
                0x0000000008001454                EXTI4_IRQHandler
                0x0000000008001454                WWDG_IRQHandler
                0x0000000008001454                TIM2_IRQHandler
                0x0000000008001454                OTG_FS_WKUP_IRQHandler
                0x0000000008001454                TIM1_TRG_COM_TIM11_IRQHandler
                0x0000000008001454                EXTI1_IRQHandler
                0x0000000008001454                USART2_IRQHandler
                0x0000000008001454                I2C2_ER_IRQHandler
                0x0000000008001454                DMA2_Stream1_IRQHandler
                0x0000000008001454                FLASH_IRQHandler
                0x0000000008001454                DMA2_Stream4_IRQHandler
                0x0000000008001454                USART1_IRQHandler
                0x0000000008001454                OTG_FS_IRQHandler
                0x0000000008001454                SPI3_IRQHandler
                0x0000000008001454                DMA1_Stream4_IRQHandler
                0x0000000008001454                I2C1_ER_IRQHandler
                0x0000000008001454                DMA2_Stream6_IRQHandler
                0x0000000008001454                DMA1_Stream3_IRQHandler
 .text.LL_GPIO_SetPinMode
                0x0000000008001456       0x5e ./Drivers/STM32F4xx_HAL_Driver/Src/stm32f4xx_ll_gpio.o
 .text.LL_GPIO_SetPinOutputType
                0x00000000080014b4       0x30 ./Drivers/STM32F4xx_HAL_Driver/Src/stm32f4xx_ll_gpio.o
 .text.LL_GPIO_SetPinSpeed
                0x00000000080014e4       0x5e ./Drivers/STM32F4xx_HAL_Driver/Src/stm32f4xx_ll_gpio.o
 .text.LL_GPIO_SetPinPull
                0x0000000008001542       0x5e ./Drivers/STM32F4xx_HAL_Driver/Src/stm32f4xx_ll_gpio.o
 .text.LL_GPIO_SetAFPin_0_7
                0x00000000080015a0       0x5e ./Drivers/STM32F4xx_HAL_Driver/Src/stm32f4xx_ll_gpio.o
 .text.LL_GPIO_SetAFPin_8_15
                0x00000000080015fe       0x62 ./Drivers/STM32F4xx_HAL_Driver/Src/stm32f4xx_ll_gpio.o
 .text.LL_GPIO_Init
                0x0000000008001660       0xe6 ./Drivers/STM32F4xx_HAL_Driver/Src/stm32f4xx_ll_gpio.o
                0x0000000008001660                LL_GPIO_Init
 .text.LL_TIM_SetPrescaler
                0x0000000008001746       0x1c ./Drivers/STM32F4xx_HAL_Driver/Src/stm32f4xx_ll_tim.o
 .text.LL_TIM_SetAutoReload
                0x0000000008001762       0x1c ./Drivers/STM32F4xx_HAL_Driver/Src/stm32f4xx_ll_tim.o
 .text.LL_TIM_SetRepetitionCounter
                0x000000000800177e       0x1c ./Drivers/STM32F4xx_HAL_Driver/Src/stm32f4xx_ll_tim.o
 .text.LL_TIM_GenerateEvent_UPDATE
                0x000000000800179a       0x20 ./Drivers/STM32F4xx_HAL_Driver/Src/stm32f4xx_ll_tim.o
 *fill*         0x00000000080017ba        0x2 
 .text.LL_TIM_Init
                0x00000000080017bc       0xf4 ./Drivers/STM32F4xx_HAL_Driver/Src/stm32f4xx_ll_tim.o
                0x00000000080017bc                LL_TIM_Init
 .text.LL_InitTick
                0x00000000080018b0       0x34 ./Drivers/STM32F4xx_HAL_Driver/Src/stm32f4xx_ll_utils.o
 .text.LL_Init1msTick
                0x00000000080018e4       0x1a ./Drivers/STM32F4xx_HAL_Driver/Src/stm32f4xx_ll_utils.o
                0x00000000080018e4                LL_Init1msTick
 *fill*         0x00000000080018fe        0x2 
 .text.LL_SetSystemCoreClock
                0x0000000008001900       0x20 ./Drivers/STM32F4xx_HAL_Driver/Src/stm32f4xx_ll_utils.o
                0x0000000008001900                LL_SetSystemCoreClock
 .text.sprintf  0x0000000008001920       0x40 C:/ST/STM32CubeIDE_1.13.2/STM32CubeIDE/plugins/com.st.stm32cube.ide.mcu.externaltools.gnu-tools-for-stm32.11.3.rel1.win32_1.1.1.202309131626/tools/bin/../lib/gcc/arm-none-eabi/11.3.1/../../../../arm-none-eabi/lib/thumb/v7e-m+fp/hard\libc_nano.a(libc_a-sprintf.o)
                0x0000000008001920                siprintf
                0x0000000008001920                sprintf
 .text.__errno  0x0000000008001960        0xc C:/ST/STM32CubeIDE_1.13.2/STM32CubeIDE/plugins/com.st.stm32cube.ide.mcu.externaltools.gnu-tools-for-stm32.11.3.rel1.win32_1.1.1.202309131626/tools/bin/../lib/gcc/arm-none-eabi/11.3.1/../../../../arm-none-eabi/lib/thumb/v7e-m+fp/hard\libc_nano.a(libc_a-errno.o)
                0x0000000008001960                __errno
 .text.__libc_init_array
                0x000000000800196c       0x48 C:/ST/STM32CubeIDE_1.13.2/STM32CubeIDE/plugins/com.st.stm32cube.ide.mcu.externaltools.gnu-tools-for-stm32.11.3.rel1.win32_1.1.1.202309131626/tools/bin/../lib/gcc/arm-none-eabi/11.3.1/../../../../arm-none-eabi/lib/thumb/v7e-m+fp/hard\libc_nano.a(libc_a-init.o)
                0x000000000800196c                __libc_init_array
 .text.__retarget_lock_acquire_recursive
                0x00000000080019b4        0x2 C:/ST/STM32CubeIDE_1.13.2/STM32CubeIDE/plugins/com.st.stm32cube.ide.mcu.externaltools.gnu-tools-for-stm32.11.3.rel1.win32_1.1.1.202309131626/tools/bin/../lib/gcc/arm-none-eabi/11.3.1/../../../../arm-none-eabi/lib/thumb/v7e-m+fp/hard\libc_nano.a(libc_a-lock.o)
                0x00000000080019b4                __retarget_lock_acquire_recursive
 .text.__retarget_lock_release_recursive
                0x00000000080019b6        0x2 C:/ST/STM32CubeIDE_1.13.2/STM32CubeIDE/plugins/com.st.stm32cube.ide.mcu.externaltools.gnu-tools-for-stm32.11.3.rel1.win32_1.1.1.202309131626/tools/bin/../lib/gcc/arm-none-eabi/11.3.1/../../../../arm-none-eabi/lib/thumb/v7e-m+fp/hard\libc_nano.a(libc_a-lock.o)
                0x00000000080019b6                __retarget_lock_release_recursive
 .text._free_r  0x00000000080019b8       0x98 C:/ST/STM32CubeIDE_1.13.2/STM32CubeIDE/plugins/com.st.stm32cube.ide.mcu.externaltools.gnu-tools-for-stm32.11.3.rel1.win32_1.1.1.202309131626/tools/bin/../lib/gcc/arm-none-eabi/11.3.1/../../../../arm-none-eabi/lib/thumb/v7e-m+fp/hard\libc_nano.a(libc_a-freer.o)
                0x00000000080019b8                _free_r
 .text.sbrk_aligned
                0x0000000008001a50       0x40 C:/ST/STM32CubeIDE_1.13.2/STM32CubeIDE/plugins/com.st.stm32cube.ide.mcu.externaltools.gnu-tools-for-stm32.11.3.rel1.win32_1.1.1.202309131626/tools/bin/../lib/gcc/arm-none-eabi/11.3.1/../../../../arm-none-eabi/lib/thumb/v7e-m+fp/hard\libc_nano.a(libc_a-mallocr.o)
 .text._malloc_r
                0x0000000008001a90      0x100 C:/ST/STM32CubeIDE_1.13.2/STM32CubeIDE/plugins/com.st.stm32cube.ide.mcu.externaltools.gnu-tools-for-stm32.11.3.rel1.win32_1.1.1.202309131626/tools/bin/../lib/gcc/arm-none-eabi/11.3.1/../../../../arm-none-eabi/lib/thumb/v7e-m+fp/hard\libc_nano.a(libc_a-mallocr.o)
                0x0000000008001a90                _malloc_r
 .text.__malloc_lock
                0x0000000008001b90        0xc C:/ST/STM32CubeIDE_1.13.2/STM32CubeIDE/plugins/com.st.stm32cube.ide.mcu.externaltools.gnu-tools-for-stm32.11.3.rel1.win32_1.1.1.202309131626/tools/bin/../lib/gcc/arm-none-eabi/11.3.1/../../../../arm-none-eabi/lib/thumb/v7e-m+fp/hard\libc_nano.a(libc_a-mlock.o)
                0x0000000008001b90                __malloc_lock
 .text.__malloc_unlock
                0x0000000008001b9c        0xc C:/ST/STM32CubeIDE_1.13.2/STM32CubeIDE/plugins/com.st.stm32cube.ide.mcu.externaltools.gnu-tools-for-stm32.11.3.rel1.win32_1.1.1.202309131626/tools/bin/../lib/gcc/arm-none-eabi/11.3.1/../../../../arm-none-eabi/lib/thumb/v7e-m+fp/hard\libc_nano.a(libc_a-mlock.o)
                0x0000000008001b9c                __malloc_unlock
 .text.__ssputs_r
                0x0000000008001ba8       0xb4 C:/ST/STM32CubeIDE_1.13.2/STM32CubeIDE/plugins/com.st.stm32cube.ide.mcu.externaltools.gnu-tools-for-stm32.11.3.rel1.win32_1.1.1.202309131626/tools/bin/../lib/gcc/arm-none-eabi/11.3.1/../../../../arm-none-eabi/lib/thumb/v7e-m+fp/hard\libc_nano.a(libc_a-nano-svfprintf.o)
                0x0000000008001ba8                __ssputs_r
 .text._svfprintf_r
                0x0000000008001c5c      0x1fc C:/ST/STM32CubeIDE_1.13.2/STM32CubeIDE/plugins/com.st.stm32cube.ide.mcu.externaltools.gnu-tools-for-stm32.11.3.rel1.win32_1.1.1.202309131626/tools/bin/../lib/gcc/arm-none-eabi/11.3.1/../../../../arm-none-eabi/lib/thumb/v7e-m+fp/hard\libc_nano.a(libc_a-nano-svfprintf.o)
                0x0000000008001c5c                _svfiprintf_r
                0x0000000008001c5c                _svfprintf_r
 .text._printf_common
                0x0000000008001e58       0xda C:/ST/STM32CubeIDE_1.13.2/STM32CubeIDE/plugins/com.st.stm32cube.ide.mcu.externaltools.gnu-tools-for-stm32.11.3.rel1.win32_1.1.1.202309131626/tools/bin/../lib/gcc/arm-none-eabi/11.3.1/../../../../arm-none-eabi/lib/thumb/v7e-m+fp/hard\libc_nano.a(libc_a-nano-vfprintf_i.o)
                0x0000000008001e58                _printf_common
 *fill*         0x0000000008001f32        0x2 
 .text._printf_i
                0x0000000008001f34      0x244 C:/ST/STM32CubeIDE_1.13.2/STM32CubeIDE/plugins/com.st.stm32cube.ide.mcu.externaltools.gnu-tools-for-stm32.11.3.rel1.win32_1.1.1.202309131626/tools/bin/../lib/gcc/arm-none-eabi/11.3.1/../../../../arm-none-eabi/lib/thumb/v7e-m+fp/hard\libc_nano.a(libc_a-nano-vfprintf_i.o)
                0x0000000008001f34                _printf_i
 .text.memmove  0x0000000008002178       0x34 C:/ST/STM32CubeIDE_1.13.2/STM32CubeIDE/plugins/com.st.stm32cube.ide.mcu.externaltools.gnu-tools-for-stm32.11.3.rel1.win32_1.1.1.202309131626/tools/bin/../lib/gcc/arm-none-eabi/11.3.1/../../../../arm-none-eabi/lib/thumb/v7e-m+fp/hard\libc_nano.a(libc_a-memmove.o)
                0x0000000008002178                memmove
 .text._sbrk_r  0x00000000080021ac       0x20 C:/ST/STM32CubeIDE_1.13.2/STM32CubeIDE/plugins/com.st.stm32cube.ide.mcu.externaltools.gnu-tools-for-stm32.11.3.rel1.win32_1.1.1.202309131626/tools/bin/../lib/gcc/arm-none-eabi/11.3.1/../../../../arm-none-eabi/lib/thumb/v7e-m+fp/hard\libc_nano.a(libc_a-sbrkr.o)
                0x00000000080021ac                _sbrk_r
 .text.memcpy   0x00000000080021cc       0x1c C:/ST/STM32CubeIDE_1.13.2/STM32CubeIDE/plugins/com.st.stm32cube.ide.mcu.externaltools.gnu-tools-for-stm32.11.3.rel1.win32_1.1.1.202309131626/tools/bin/../lib/gcc/arm-none-eabi/11.3.1/../../../../arm-none-eabi/lib/thumb/v7e-m+fp/hard\libc_nano.a(libc_a-memcpy-stub.o)
                0x00000000080021cc                memcpy
 .text._realloc_r
                0x00000000080021e8       0x5e C:/ST/STM32CubeIDE_1.13.2/STM32CubeIDE/plugins/com.st.stm32cube.ide.mcu.externaltools.gnu-tools-for-stm32.11.3.rel1.win32_1.1.1.202309131626/tools/bin/../lib/gcc/arm-none-eabi/11.3.1/../../../../arm-none-eabi/lib/thumb/v7e-m+fp/hard\libc_nano.a(libc_a-reallocr.o)
                0x00000000080021e8                _realloc_r
 .text._malloc_usable_size_r
                0x0000000008002246       0x10 C:/ST/STM32CubeIDE_1.13.2/STM32CubeIDE/plugins/com.st.stm32cube.ide.mcu.externaltools.gnu-tools-for-stm32.11.3.rel1.win32_1.1.1.202309131626/tools/bin/../lib/gcc/arm-none-eabi/11.3.1/../../../../arm-none-eabi/lib/thumb/v7e-m+fp/hard\libc_nano.a(libc_a-msizer.o)
                0x0000000008002246                _malloc_usable_size_r
 *(.glue_7)
 .glue_7        0x0000000008002256        0x0 linker stubs
 *(.glue_7t)
 .glue_7t       0x0000000008002256        0x0 linker stubs
 *(.eh_frame)
 *fill*         0x0000000008002256        0x2 
 .eh_frame      0x0000000008002258        0x0 C:/ST/STM32CubeIDE_1.13.2/STM32CubeIDE/plugins/com.st.stm32cube.ide.mcu.externaltools.gnu-tools-for-stm32.11.3.rel1.win32_1.1.1.202309131626/tools/bin/../lib/gcc/arm-none-eabi/11.3.1/thumb/v7e-m+fp/hard/crtbegin.o
 *(.init)
 .init          0x0000000008002258        0x4 C:/ST/STM32CubeIDE_1.13.2/STM32CubeIDE/plugins/com.st.stm32cube.ide.mcu.externaltools.gnu-tools-for-stm32.11.3.rel1.win32_1.1.1.202309131626/tools/bin/../lib/gcc/arm-none-eabi/11.3.1/thumb/v7e-m+fp/hard/crti.o
                0x0000000008002258                _init
 .init          0x000000000800225c        0x8 C:/ST/STM32CubeIDE_1.13.2/STM32CubeIDE/plugins/com.st.stm32cube.ide.mcu.externaltools.gnu-tools-for-stm32.11.3.rel1.win32_1.1.1.202309131626/tools/bin/../lib/gcc/arm-none-eabi/11.3.1/thumb/v7e-m+fp/hard/crtn.o
 *(.fini)
 .fini          0x0000000008002264        0x4 C:/ST/STM32CubeIDE_1.13.2/STM32CubeIDE/plugins/com.st.stm32cube.ide.mcu.externaltools.gnu-tools-for-stm32.11.3.rel1.win32_1.1.1.202309131626/tools/bin/../lib/gcc/arm-none-eabi/11.3.1/thumb/v7e-m+fp/hard/crti.o
                0x0000000008002264                _fini
 .fini          0x0000000008002268        0x8 C:/ST/STM32CubeIDE_1.13.2/STM32CubeIDE/plugins/com.st.stm32cube.ide.mcu.externaltools.gnu-tools-for-stm32.11.3.rel1.win32_1.1.1.202309131626/tools/bin/../lib/gcc/arm-none-eabi/11.3.1/thumb/v7e-m+fp/hard/crtn.o
                0x0000000008002270                . = ALIGN (0x4)
                0x0000000008002270                _etext = .

.vfp11_veneer   0x0000000008002270        0x0
 .vfp11_veneer  0x0000000008002270        0x0 linker stubs

.v4_bx          0x0000000008002270        0x0
 .v4_bx         0x0000000008002270        0x0 linker stubs

.iplt           0x0000000008002270        0x0
 .iplt          0x0000000008002270        0x0 C:/ST/STM32CubeIDE_1.13.2/STM32CubeIDE/plugins/com.st.stm32cube.ide.mcu.externaltools.gnu-tools-for-stm32.11.3.rel1.win32_1.1.1.202309131626/tools/bin/../lib/gcc/arm-none-eabi/11.3.1/thumb/v7e-m+fp/hard/crtbegin.o

.rodata         0x0000000008002270       0xac
                0x0000000008002270                . = ALIGN (0x4)
 *(.rodata)
 .rodata        0x0000000008002270       0x79 ./APP/Src/app_thermostat.o
 *(.rodata*)
 .rodata._svfprintf_r.str1.1
                0x00000000080022e9       0x11 C:/ST/STM32CubeIDE_1.13.2/STM32CubeIDE/plugins/com.st.stm32cube.ide.mcu.externaltools.gnu-tools-for-stm32.11.3.rel1.win32_1.1.1.202309131626/tools/bin/../lib/gcc/arm-none-eabi/11.3.1/../../../../arm-none-eabi/lib/thumb/v7e-m+fp/hard\libc_nano.a(libc_a-nano-svfprintf.o)
 .rodata._printf_i.str1.1
                0x00000000080022fa       0x22 C:/ST/STM32CubeIDE_1.13.2/STM32CubeIDE/plugins/com.st.stm32cube.ide.mcu.externaltools.gnu-tools-for-stm32.11.3.rel1.win32_1.1.1.202309131626/tools/bin/../lib/gcc/arm-none-eabi/11.3.1/../../../../arm-none-eabi/lib/thumb/v7e-m+fp/hard\libc_nano.a(libc_a-nano-vfprintf_i.o)
                0x000000000800231c                . = ALIGN (0x4)

.rel.dyn        0x000000000800231c        0x0
 .rel.iplt      0x000000000800231c        0x0 C:/ST/STM32CubeIDE_1.13.2/STM32CubeIDE/plugins/com.st.stm32cube.ide.mcu.externaltools.gnu-tools-for-stm32.11.3.rel1.win32_1.1.1.202309131626/tools/bin/../lib/gcc/arm-none-eabi/11.3.1/thumb/v7e-m+fp/hard/crtbegin.o

.ARM.extab      0x000000000800231c        0x0
                0x000000000800231c                . = ALIGN (0x4)
 *(.ARM.extab* .gnu.linkonce.armextab.*)
                0x000000000800231c                . = ALIGN (0x4)

.ARM            0x000000000800231c        0x0
                0x000000000800231c                . = ALIGN (0x4)
                0x000000000800231c                __exidx_start = .
 *(.ARM.exidx*)
                0x000000000800231c                __exidx_end = .
                0x000000000800231c                . = ALIGN (0x4)

.preinit_array  0x000000000800231c        0x0
                0x000000000800231c                . = ALIGN (0x4)
                0x000000000800231c                PROVIDE (__preinit_array_start = .)
 *(.preinit_array*)
                0x000000000800231c                PROVIDE (__preinit_array_end = .)
                0x000000000800231c                . = ALIGN (0x4)

.init_array     0x000000000800231c        0x4
                0x000000000800231c                . = ALIGN (0x4)
                0x000000000800231c                PROVIDE (__init_array_start = .)
 *(SORT_BY_NAME(.init_array.*))
 *(.init_array*)
 .init_array    0x000000000800231c        0x4 C:/ST/STM32CubeIDE_1.13.2/STM32CubeIDE/plugins/com.st.stm32cube.ide.mcu.externaltools.gnu-tools-for-stm32.11.3.rel1.win32_1.1.1.202309131626/tools/bin/../lib/gcc/arm-none-eabi/11.3.1/thumb/v7e-m+fp/hard/crtbegin.o
                0x0000000008002320                PROVIDE (__init_array_end = .)
                0x0000000008002320                . = ALIGN (0x4)

.fini_array     0x0000000008002320        0x4
                0x0000000008002320                . = ALIGN (0x4)
                [!provide]                        PROVIDE (__fini_array_start = .)
 *(SORT_BY_NAME(.fini_array.*))
 *(.fini_array*)
 .fini_array    0x0000000008002320        0x4 C:/ST/STM32CubeIDE_1.13.2/STM32CubeIDE/plugins/com.st.stm32cube.ide.mcu.externaltools.gnu-tools-for-stm32.11.3.rel1.win32_1.1.1.202309131626/tools/bin/../lib/gcc/arm-none-eabi/11.3.1/thumb/v7e-m+fp/hard/crtbegin.o
                [!provide]                        PROVIDE (__fini_array_end = .)
                0x0000000008002324                . = ALIGN (0x4)
                0x0000000008002324                _sidata = LOADADDR (.data)

.data           0x0000000020000000       0x58 load address 0x0000000008002324
                0x0000000020000000                . = ALIGN (0x4)
                0x0000000020000000                _sdata = .
 *(.data)
 *(.data*)
 .data.set_temp
                0x0000000020000000        0x1 ./APP/Src/app_thermostat.o
                0x0000000020000000                set_temp
 *fill*         0x0000000020000001        0x3 
 .data.SystemCoreClock
                0x0000000020000004        0x4 ./Core/Src/system_stm32f4xx.o
                0x0000000020000004                SystemCoreClock
 .data._impure_data
                0x0000000020000008       0x4c C:/ST/STM32CubeIDE_1.13.2/STM32CubeIDE/plugins/com.st.stm32cube.ide.mcu.externaltools.gnu-tools-for-stm32.11.3.rel1.win32_1.1.1.202309131626/tools/bin/../lib/gcc/arm-none-eabi/11.3.1/../../../../arm-none-eabi/lib/thumb/v7e-m+fp/hard\libc_nano.a(libc_a-impure.o)
                0x0000000020000008                _impure_data
 .data._impure_ptr
                0x0000000020000054        0x4 C:/ST/STM32CubeIDE_1.13.2/STM32CubeIDE/plugins/com.st.stm32cube.ide.mcu.externaltools.gnu-tools-for-stm32.11.3.rel1.win32_1.1.1.202309131626/tools/bin/../lib/gcc/arm-none-eabi/11.3.1/../../../../arm-none-eabi/lib/thumb/v7e-m+fp/hard\libc_nano.a(libc_a-impure.o)
                0x0000000020000054                _impure_ptr
 *(.RamFunc)
 *(.RamFunc*)
                0x0000000020000058                . = ALIGN (0x4)
                0x0000000020000058                _edata = .

.igot.plt       0x0000000020000058        0x0 load address 0x000000000800237c
 .igot.plt      0x0000000020000058        0x0 C:/ST/STM32CubeIDE_1.13.2/STM32CubeIDE/plugins/com.st.stm32cube.ide.mcu.externaltools.gnu-tools-for-stm32.11.3.rel1.win32_1.1.1.202309131626/tools/bin/../lib/gcc/arm-none-eabi/11.3.1/thumb/v7e-m+fp/hard/crtbegin.o
                0x0000000020000058                . = ALIGN (0x4)

.bss            0x0000000020000058      0x17c load address 0x000000000800237c
                0x0000000020000058                _sbss = .
                0x0000000020000058                __bss_start__ = _sbss
 *(.bss)
 .bss           0x0000000020000058       0x1c C:/ST/STM32CubeIDE_1.13.2/STM32CubeIDE/plugins/com.st.stm32cube.ide.mcu.externaltools.gnu-tools-for-stm32.11.3.rel1.win32_1.1.1.202309131626/tools/bin/../lib/gcc/arm-none-eabi/11.3.1/thumb/v7e-m+fp/hard/crtbegin.o
 *(.bss*)
 .bss.current_state
                0x0000000020000074        0x1 ./APP/Src/app_thermostat.o
                0x0000000020000074                current_state
 .bss.current_temp
                0x0000000020000075        0x1 ./APP/Src/app_thermostat.o
                0x0000000020000075                current_temp
 .bss.is_fan_on
                0x0000000020000076        0x1 ./APP/Src/app_thermostat.o
                0x0000000020000076                is_fan_on
 *fill*         0x0000000020000077        0x1 
 .bss.last_read_time
                0x0000000020000078        0x4 ./APP/Src/app_thermostat.o
                0x0000000020000078                last_read_time
 .bss.last_blink_time
                0x000000002000007c        0x4 ./APP/Src/app_thermostat.o
                0x000000002000007c                last_blink_time
 .bss.blink_flag
                0x0000000020000080        0x1 ./APP/Src/app_thermostat.o
                0x0000000020000080                blink_flag
 .bss.temp_int  0x0000000020000081        0x1 ./BSP/Src/bsp_ds18b20.o
 *fill*         0x0000000020000082        0x2 
 .bss.system_tick_ms
                0x0000000020000084        0x4 ./Core/Src/stm32f4xx_it.o
                0x0000000020000084                system_tick_ms
 .bss.__sbrk_heap_end
                0x0000000020000088        0x4 ./Core/Src/sysmem.o
 .bss.__sf      0x000000002000008c      0x138 C:/ST/STM32CubeIDE_1.13.2/STM32CubeIDE/plugins/com.st.stm32cube.ide.mcu.externaltools.gnu-tools-for-stm32.11.3.rel1.win32_1.1.1.202309131626/tools/bin/../lib/gcc/arm-none-eabi/11.3.1/../../../../arm-none-eabi/lib/thumb/v7e-m+fp/hard\libc_nano.a(libc_a-findfp.o)
                0x000000002000008c                __sf
 .bss.errno     0x00000000200001c4        0x4 C:/ST/STM32CubeIDE_1.13.2/STM32CubeIDE/plugins/com.st.stm32cube.ide.mcu.externaltools.gnu-tools-for-stm32.11.3.rel1.win32_1.1.1.202309131626/tools/bin/../lib/gcc/arm-none-eabi/11.3.1/../../../../arm-none-eabi/lib/thumb/v7e-m+fp/hard\libc_nano.a(libc_a-reent.o)
                0x00000000200001c4                errno
 .bss.__lock___malloc_recursive_mutex
                0x00000000200001c8        0x1 C:/ST/STM32CubeIDE_1.13.2/STM32CubeIDE/plugins/com.st.stm32cube.ide.mcu.externaltools.gnu-tools-for-stm32.11.3.rel1.win32_1.1.1.202309131626/tools/bin/../lib/gcc/arm-none-eabi/11.3.1/../../../../arm-none-eabi/lib/thumb/v7e-m+fp/hard\libc_nano.a(libc_a-lock.o)
                0x00000000200001c8                __lock___malloc_recursive_mutex
 *fill*         0x00000000200001c9        0x3 
 .bss.__malloc_free_list
                0x00000000200001cc        0x4 C:/ST/STM32CubeIDE_1.13.2/STM32CubeIDE/plugins/com.st.stm32cube.ide.mcu.externaltools.gnu-tools-for-stm32.11.3.rel1.win32_1.1.1.202309131626/tools/bin/../lib/gcc/arm-none-eabi/11.3.1/../../../../arm-none-eabi/lib/thumb/v7e-m+fp/hard\libc_nano.a(libc_a-mallocr.o)
                0x00000000200001cc                __malloc_free_list
 .bss.__malloc_sbrk_start
                0x00000000200001d0        0x4 C:/ST/STM32CubeIDE_1.13.2/STM32CubeIDE/plugins/com.st.stm32cube.ide.mcu.externaltools.gnu-tools-for-stm32.11.3.rel1.win32_1.1.1.202309131626/tools/bin/../lib/gcc/arm-none-eabi/11.3.1/../../../../arm-none-eabi/lib/thumb/v7e-m+fp/hard\libc_nano.a(libc_a-mallocr.o)
                0x00000000200001d0                __malloc_sbrk_start
 *(COMMON)
                0x00000000200001d4                . = ALIGN (0x4)
                0x00000000200001d4                _ebss = .
                0x00000000200001d4                __bss_end__ = _ebss

._user_heap_stack
                0x00000000200001d4      0x604 load address 0x000000000800237c
                0x00000000200001d8                . = ALIGN (0x8)
 *fill*         0x00000000200001d4        0x4 
                [!provide]                        PROVIDE (end = .)
                0x00000000200001d8                PROVIDE (_end = .)
                0x00000000200003d8                . = (. + _Min_Heap_Size)
 *fill*         0x00000000200001d8      0x200 
                0x00000000200007d8                . = (. + _Min_Stack_Size)
 *fill*         0x00000000200003d8      0x400 
                0x00000000200007d8                . = ALIGN (0x8)

/DISCARD/
 libc.a(*)
 libm.a(*)
 libgcc.a(*)

.ARM.attributes
                0x0000000000000000       0x30
 *(.ARM.attributes)
 .ARM.attributes
                0x0000000000000000       0x1e C:/ST/STM32CubeIDE_1.13.2/STM32CubeIDE/plugins/com.st.stm32cube.ide.mcu.externaltools.gnu-tools-for-stm32.11.3.rel1.win32_1.1.1.202309131626/tools/bin/../lib/gcc/arm-none-eabi/11.3.1/thumb/v7e-m+fp/hard/crti.o
 .ARM.attributes
                0x000000000000001e       0x34 C:/ST/STM32CubeIDE_1.13.2/STM32CubeIDE/plugins/com.st.stm32cube.ide.mcu.externaltools.gnu-tools-for-stm32.11.3.rel1.win32_1.1.1.202309131626/tools/bin/../lib/gcc/arm-none-eabi/11.3.1/thumb/v7e-m+fp/hard/crtbegin.o
 .ARM.attributes
                0x0000000000000052       0x34 ./APP/Src/app_thermostat.o
 .ARM.attributes
                0x0000000000000086       0x34 ./BSP/Src/bsp_delay.o
 .ARM.attributes
                0x00000000000000ba       0x34 ./BSP/Src/bsp_ds18b20.o
 .ARM.attributes
                0x00000000000000ee       0x34 ./BSP/Src/bsp_gpio.o
 .ARM.attributes
                0x0000000000000122       0x34 ./BSP/Src/bsp_lcd.o
 .ARM.attributes
                0x0000000000000156       0x34 ./Core/Src/main.o
 .ARM.attributes
                0x000000000000018a       0x34 ./Core/Src/stm32f4xx_it.o
 .ARM.attributes
                0x00000000000001be       0x34 ./Core/Src/sysmem.o
 .ARM.attributes
                0x00000000000001f2       0x34 ./Core/Src/system_stm32f4xx.o
 .ARM.attributes
                0x0000000000000226       0x21 ./Core/Startup/startup_stm32f401ceux.o
 .ARM.attributes
                0x0000000000000247       0x34 ./Drivers/STM32F4xx_HAL_Driver/Src/stm32f4xx_ll_gpio.o
 .ARM.attributes
                0x000000000000027b       0x34 ./Drivers/STM32F4xx_HAL_Driver/Src/stm32f4xx_ll_tim.o
 .ARM.attributes
                0x00000000000002af       0x34 ./Drivers/STM32F4xx_HAL_Driver/Src/stm32f4xx_ll_utils.o
 .ARM.attributes
                0x00000000000002e3       0x34 C:/ST/STM32CubeIDE_1.13.2/STM32CubeIDE/plugins/com.st.stm32cube.ide.mcu.externaltools.gnu-tools-for-stm32.11.3.rel1.win32_1.1.1.202309131626/tools/bin/../lib/gcc/arm-none-eabi/11.3.1/../../../../arm-none-eabi/lib/thumb/v7e-m+fp/hard\libc_nano.a(libc_a-findfp.o)
 .ARM.attributes
                0x0000000000000317       0x34 C:/ST/STM32CubeIDE_1.13.2/STM32CubeIDE/plugins/com.st.stm32cube.ide.mcu.externaltools.gnu-tools-for-stm32.11.3.rel1.win32_1.1.1.202309131626/tools/bin/../lib/gcc/arm-none-eabi/11.3.1/../../../../arm-none-eabi/lib/thumb/v7e-m+fp/hard\libc_nano.a(libc_a-sprintf.o)
 .ARM.attributes
                0x000000000000034b       0x34 C:/ST/STM32CubeIDE_1.13.2/STM32CubeIDE/plugins/com.st.stm32cube.ide.mcu.externaltools.gnu-tools-for-stm32.11.3.rel1.win32_1.1.1.202309131626/tools/bin/../lib/gcc/arm-none-eabi/11.3.1/../../../../arm-none-eabi/lib/thumb/v7e-m+fp/hard\libc_nano.a(libc_a-reent.o)
 .ARM.attributes
                0x000000000000037f       0x34 C:/ST/STM32CubeIDE_1.13.2/STM32CubeIDE/plugins/com.st.stm32cube.ide.mcu.externaltools.gnu-tools-for-stm32.11.3.rel1.win32_1.1.1.202309131626/tools/bin/../lib/gcc/arm-none-eabi/11.3.1/../../../../arm-none-eabi/lib/thumb/v7e-m+fp/hard\libc_nano.a(libc_a-impure.o)
 .ARM.attributes
                0x00000000000003b3       0x34 C:/ST/STM32CubeIDE_1.13.2/STM32CubeIDE/plugins/com.st.stm32cube.ide.mcu.externaltools.gnu-tools-for-stm32.11.3.rel1.win32_1.1.1.202309131626/tools/bin/../lib/gcc/arm-none-eabi/11.3.1/../../../../arm-none-eabi/lib/thumb/v7e-m+fp/hard\libc_nano.a(libc_a-errno.o)
 .ARM.attributes
                0x00000000000003e7       0x34 C:/ST/STM32CubeIDE_1.13.2/STM32CubeIDE/plugins/com.st.stm32cube.ide.mcu.externaltools.gnu-tools-for-stm32.11.3.rel1.win32_1.1.1.202309131626/tools/bin/../lib/gcc/arm-none-eabi/11.3.1/../../../../arm-none-eabi/lib/thumb/v7e-m+fp/hard\libc_nano.a(libc_a-init.o)
 .ARM.attributes
                0x000000000000041b       0x34 C:/ST/STM32CubeIDE_1.13.2/STM32CubeIDE/plugins/com.st.stm32cube.ide.mcu.externaltools.gnu-tools-for-stm32.11.3.rel1.win32_1.1.1.202309131626/tools/bin/../lib/gcc/arm-none-eabi/11.3.1/../../../../arm-none-eabi/lib/thumb/v7e-m+fp/hard\libc_nano.a(libc_a-lock.o)
 .ARM.attributes
                0x000000000000044f       0x34 C:/ST/STM32CubeIDE_1.13.2/STM32CubeIDE/plugins/com.st.stm32cube.ide.mcu.externaltools.gnu-tools-for-stm32.11.3.rel1.win32_1.1.1.202309131626/tools/bin/../lib/gcc/arm-none-eabi/11.3.1/../../../../arm-none-eabi/lib/thumb/v7e-m+fp/hard\libc_nano.a(libc_a-freer.o)
 .ARM.attributes
                0x0000000000000483       0x34 C:/ST/STM32CubeIDE_1.13.2/STM32CubeIDE/plugins/com.st.stm32cube.ide.mcu.externaltools.gnu-tools-for-stm32.11.3.rel1.win32_1.1.1.202309131626/tools/bin/../lib/gcc/arm-none-eabi/11.3.1/../../../../arm-none-eabi/lib/thumb/v7e-m+fp/hard\libc_nano.a(libc_a-mallocr.o)
 .ARM.attributes
                0x00000000000004b7       0x34 C:/ST/STM32CubeIDE_1.13.2/STM32CubeIDE/plugins/com.st.stm32cube.ide.mcu.externaltools.gnu-tools-for-stm32.11.3.rel1.win32_1.1.1.202309131626/tools/bin/../lib/gcc/arm-none-eabi/11.3.1/../../../../arm-none-eabi/lib/thumb/v7e-m+fp/hard\libc_nano.a(libc_a-mlock.o)
 .ARM.attributes
                0x00000000000004eb       0x34 C:/ST/STM32CubeIDE_1.13.2/STM32CubeIDE/plugins/com.st.stm32cube.ide.mcu.externaltools.gnu-tools-for-stm32.11.3.rel1.win32_1.1.1.202309131626/tools/bin/../lib/gcc/arm-none-eabi/11.3.1/../../../../arm-none-eabi/lib/thumb/v7e-m+fp/hard\libc_nano.a(libc_a-nano-svfprintf.o)
 .ARM.attributes
                0x000000000000051f       0x34 C:/ST/STM32CubeIDE_1.13.2/STM32CubeIDE/plugins/com.st.stm32cube.ide.mcu.externaltools.gnu-tools-for-stm32.11.3.rel1.win32_1.1.1.202309131626/tools/bin/../lib/gcc/arm-none-eabi/11.3.1/../../../../arm-none-eabi/lib/thumb/v7e-m+fp/hard\libc_nano.a(libc_a-nano-vfprintf_i.o)
 .ARM.attributes
                0x0000000000000553       0x34 C:/ST/STM32CubeIDE_1.13.2/STM32CubeIDE/plugins/com.st.stm32cube.ide.mcu.externaltools.gnu-tools-for-stm32.11.3.rel1.win32_1.1.1.202309131626/tools/bin/../lib/gcc/arm-none-eabi/11.3.1/../../../../arm-none-eabi/lib/thumb/v7e-m+fp/hard\libc_nano.a(libc_a-memmove.o)
 .ARM.attributes
                0x0000000000000587       0x34 C:/ST/STM32CubeIDE_1.13.2/STM32CubeIDE/plugins/com.st.stm32cube.ide.mcu.externaltools.gnu-tools-for-stm32.11.3.rel1.win32_1.1.1.202309131626/tools/bin/../lib/gcc/arm-none-eabi/11.3.1/../../../../arm-none-eabi/lib/thumb/v7e-m+fp/hard\libc_nano.a(libc_a-sbrkr.o)
 .ARM.attributes
                0x00000000000005bb       0x1c C:/ST/STM32CubeIDE_1.13.2/STM32CubeIDE/plugins/com.st.stm32cube.ide.mcu.externaltools.gnu-tools-for-stm32.11.3.rel1.win32_1.1.1.202309131626/tools/bin/../lib/gcc/arm-none-eabi/11.3.1/../../../../arm-none-eabi/lib/thumb/v7e-m+fp/hard\libc_nano.a(libc_a-memchr.o)
 .ARM.attributes
                0x00000000000005d7       0x34 C:/ST/STM32CubeIDE_1.13.2/STM32CubeIDE/plugins/com.st.stm32cube.ide.mcu.externaltools.gnu-tools-for-stm32.11.3.rel1.win32_1.1.1.202309131626/tools/bin/../lib/gcc/arm-none-eabi/11.3.1/../../../../arm-none-eabi/lib/thumb/v7e-m+fp/hard\libc_nano.a(libc_a-memcpy-stub.o)
 .ARM.attributes
                0x000000000000060b       0x34 C:/ST/STM32CubeIDE_1.13.2/STM32CubeIDE/plugins/com.st.stm32cube.ide.mcu.externaltools.gnu-tools-for-stm32.11.3.rel1.win32_1.1.1.202309131626/tools/bin/../lib/gcc/arm-none-eabi/11.3.1/../../../../arm-none-eabi/lib/thumb/v7e-m+fp/hard\libc_nano.a(libc_a-reallocr.o)
 .ARM.attributes
                0x000000000000063f       0x34 C:/ST/STM32CubeIDE_1.13.2/STM32CubeIDE/plugins/com.st.stm32cube.ide.mcu.externaltools.gnu-tools-for-stm32.11.3.rel1.win32_1.1.1.202309131626/tools/bin/../lib/gcc/arm-none-eabi/11.3.1/../../../../arm-none-eabi/lib/thumb/v7e-m+fp/hard\libc_nano.a(libc_a-msizer.o)
 .ARM.attributes
                0x0000000000000673       0x1e C:/ST/STM32CubeIDE_1.13.2/STM32CubeIDE/plugins/com.st.stm32cube.ide.mcu.externaltools.gnu-tools-for-stm32.11.3.rel1.win32_1.1.1.202309131626/tools/bin/../lib/gcc/arm-none-eabi/11.3.1/thumb/v7e-m+fp/hard/crtn.o
OUTPUT(BTL_lthtn_Ex1.elf elf32-littlearm)
LOAD linker stubs
LOAD C:/ST/STM32CubeIDE_1.13.2/STM32CubeIDE/plugins/com.st.stm32cube.ide.mcu.externaltools.gnu-tools-for-stm32.11.3.rel1.win32_1.1.1.202309131626/tools/bin/../lib/gcc/arm-none-eabi/11.3.1/../../../../arm-none-eabi/lib/thumb/v7e-m+fp/hard\libc.a
LOAD C:/ST/STM32CubeIDE_1.13.2/STM32CubeIDE/plugins/com.st.stm32cube.ide.mcu.externaltools.gnu-tools-for-stm32.11.3.rel1.win32_1.1.1.202309131626/tools/bin/../lib/gcc/arm-none-eabi/11.3.1/../../../../arm-none-eabi/lib/thumb/v7e-m+fp/hard\libm.a
LOAD C:/ST/STM32CubeIDE_1.13.2/STM32CubeIDE/plugins/com.st.stm32cube.ide.mcu.externaltools.gnu-tools-for-stm32.11.3.rel1.win32_1.1.1.202309131626/tools/bin/../lib/gcc/arm-none-eabi/11.3.1/thumb/v7e-m+fp/hard\libgcc.a

.comment        0x0000000000000000       0x43
 .comment       0x0000000000000000       0x43 C:/ST/STM32CubeIDE_1.13.2/STM32CubeIDE/plugins/com.st.stm32cube.ide.mcu.externaltools.gnu-tools-for-stm32.11.3.rel1.win32_1.1.1.202309131626/tools/bin/../lib/gcc/arm-none-eabi/11.3.1/thumb/v7e-m+fp/hard/crtbegin.o
                                         0x44 (size before relaxing)
 .comment       0x0000000000000043       0x44 ./APP/Src/app_thermostat.o
 .comment       0x0000000000000043       0x44 ./BSP/Src/bsp_delay.o
 .comment       0x0000000000000043       0x44 ./BSP/Src/bsp_ds18b20.o
 .comment       0x0000000000000043       0x44 ./BSP/Src/bsp_gpio.o
 .comment       0x0000000000000043       0x44 ./BSP/Src/bsp_lcd.o
 .comment       0x0000000000000043       0x44 ./Core/Src/main.o
 .comment       0x0000000000000043       0x44 ./Core/Src/stm32f4xx_it.o
 .comment       0x0000000000000043       0x44 ./Core/Src/sysmem.o
 .comment       0x0000000000000043       0x44 ./Core/Src/system_stm32f4xx.o
 .comment       0x0000000000000043       0x44 ./Drivers/STM32F4xx_HAL_Driver/Src/stm32f4xx_ll_gpio.o
 .comment       0x0000000000000043       0x44 ./Drivers/STM32F4xx_HAL_Driver/Src/stm32f4xx_ll_tim.o
 .comment       0x0000000000000043       0x44 ./Drivers/STM32F4xx_HAL_Driver/Src/stm32f4xx_ll_utils.o

.debug_info     0x0000000000000000     0x4b2b
 .debug_info    0x0000000000000000      0x33b ./APP/Src/app_thermostat.o
 .debug_info    0x000000000000033b      0x2e3 ./BSP/Src/bsp_delay.o
 .debug_info    0x000000000000061e      0x518 ./BSP/Src/bsp_ds18b20.o
 .debug_info    0x0000000000000b36      0x2f3 ./BSP/Src/bsp_gpio.o
 .debug_info    0x0000000000000e29      0x34c ./BSP/Src/bsp_lcd.o
 .debug_info    0x0000000000001175     0x10ef ./Core/Src/main.o
 .debug_info    0x0000000000002264      0x1dd ./Core/Src/stm32f4xx_it.o
 .debug_info    0x0000000000002441      0x168 ./Core/Src/sysmem.o
 .debug_info    0x00000000000025a9      0x537 ./Core/Src/system_stm32f4xx.o
 .debug_info    0x0000000000002ae0       0x23 ./Core/Startup/startup_stm32f401ceux.o
 .debug_info    0x0000000000002b03      0x7dd ./Drivers/STM32F4xx_HAL_Driver/Src/stm32f4xx_ll_gpio.o
 .debug_info    0x00000000000032e0      0xf26 ./Drivers/STM32F4xx_HAL_Driver/Src/stm32f4xx_ll_tim.o
 .debug_info    0x0000000000004206      0x925 ./Drivers/STM32F4xx_HAL_Driver/Src/stm32f4xx_ll_utils.o

.debug_abbrev   0x0000000000000000     0x13c2
 .debug_abbrev  0x0000000000000000      0x169 ./APP/Src/app_thermostat.o
 .debug_abbrev  0x0000000000000169      0x146 ./BSP/Src/bsp_delay.o
 .debug_abbrev  0x00000000000002af      0x25d ./BSP/Src/bsp_ds18b20.o
 .debug_abbrev  0x000000000000050c      0x181 ./BSP/Src/bsp_gpio.o
 .debug_abbrev  0x000000000000068d      0x1a6 ./BSP/Src/bsp_lcd.o
 .debug_abbrev  0x0000000000000833      0x2ac ./Core/Src/main.o
 .debug_abbrev  0x0000000000000adf       0x9b ./Core/Src/stm32f4xx_it.o
 .debug_abbrev  0x0000000000000b7a       0xbc ./Core/Src/sysmem.o
 .debug_abbrev  0x0000000000000c36      0x11a ./Core/Src/system_stm32f4xx.o
 .debug_abbrev  0x0000000000000d50       0x12 ./Core/Startup/startup_stm32f401ceux.o
 .debug_abbrev  0x0000000000000d62      0x21f ./Drivers/STM32F4xx_HAL_Driver/Src/stm32f4xx_ll_gpio.o
 .debug_abbrev  0x0000000000000f81      0x20f ./Drivers/STM32F4xx_HAL_Driver/Src/stm32f4xx_ll_tim.o
 .debug_abbrev  0x0000000000001190      0x232 ./Drivers/STM32F4xx_HAL_Driver/Src/stm32f4xx_ll_utils.o

.debug_aranges  0x0000000000000000      0x5f8
 .debug_aranges
                0x0000000000000000       0x38 ./APP/Src/app_thermostat.o
 .debug_aranges
                0x0000000000000038       0x40 ./BSP/Src/bsp_delay.o
 .debug_aranges
                0x0000000000000078       0x70 ./BSP/Src/bsp_ds18b20.o
 .debug_aranges
                0x00000000000000e8       0x40 ./BSP/Src/bsp_gpio.o
 .debug_aranges
                0x0000000000000128       0x68 ./BSP/Src/bsp_lcd.o
 .debug_aranges
                0x0000000000000190      0x108 ./Core/Src/main.o
 .debug_aranges
                0x0000000000000298       0x60 ./Core/Src/stm32f4xx_it.o
 .debug_aranges
                0x00000000000002f8       0x20 ./Core/Src/sysmem.o
 .debug_aranges
                0x0000000000000318       0x28 ./Core/Src/system_stm32f4xx.o
 .debug_aranges
                0x0000000000000340       0x28 ./Core/Startup/startup_stm32f401ceux.o
 .debug_aranges
                0x0000000000000368       0x70 ./Drivers/STM32F4xx_HAL_Driver/Src/stm32f4xx_ll_gpio.o
 .debug_aranges
                0x00000000000003d8      0x128 ./Drivers/STM32F4xx_HAL_Driver/Src/stm32f4xx_ll_tim.o
 .debug_aranges
                0x0000000000000500       0xf8 ./Drivers/STM32F4xx_HAL_Driver/Src/stm32f4xx_ll_utils.o

.debug_rnglists
                0x0000000000000000      0x44f
 .debug_rnglists
                0x0000000000000000       0x27 ./APP/Src/app_thermostat.o
 .debug_rnglists
                0x0000000000000027       0x2b ./BSP/Src/bsp_delay.o
 .debug_rnglists
                0x0000000000000052       0x50 ./BSP/Src/bsp_ds18b20.o
 .debug_rnglists
                0x00000000000000a2       0x2b ./BSP/Src/bsp_gpio.o
 .debug_rnglists
                0x00000000000000cd       0x4a ./BSP/Src/bsp_lcd.o
 .debug_rnglists
                0x0000000000000117       0xc2 ./Core/Src/main.o
 .debug_rnglists
                0x00000000000001d9       0x43 ./Core/Src/stm32f4xx_it.o
 .debug_rnglists
                0x000000000000021c       0x13 ./Core/Src/sysmem.o
 .debug_rnglists
                0x000000000000022f       0x1a ./Core/Src/system_stm32f4xx.o
 .debug_rnglists
                0x0000000000000249       0x19 ./Core/Startup/startup_stm32f401ceux.o
 .debug_rnglists
                0x0000000000000262       0x51 ./Drivers/STM32F4xx_HAL_Driver/Src/stm32f4xx_ll_gpio.o
 .debug_rnglists
                0x00000000000002b3       0xe4 ./Drivers/STM32F4xx_HAL_Driver/Src/stm32f4xx_ll_tim.o
 .debug_rnglists
                0x0000000000000397       0xb8 ./Drivers/STM32F4xx_HAL_Driver/Src/stm32f4xx_ll_utils.o

.debug_macro    0x0000000000000000    0x11d8c
 .debug_macro   0x0000000000000000      0x204 ./APP/Src/app_thermostat.o
 .debug_macro   0x0000000000000204      0xaea ./APP/Src/app_thermostat.o
 .debug_macro   0x0000000000000cee       0x22 ./APP/Src/app_thermostat.o
 .debug_macro   0x0000000000000d10       0x8e ./APP/Src/app_thermostat.o
 .debug_macro   0x0000000000000d9e       0x51 ./APP/Src/app_thermostat.o
 .debug_macro   0x0000000000000def      0x103 ./APP/Src/app_thermostat.o
 .debug_macro   0x0000000000000ef2       0x6a ./APP/Src/app_thermostat.o
 .debug_macro   0x0000000000000f5c      0x1df ./APP/Src/app_thermostat.o
 .debug_macro   0x000000000000113b       0x2e ./APP/Src/app_thermostat.o
 .debug_macro   0x0000000000001169       0x28 ./APP/Src/app_thermostat.o
 .debug_macro   0x0000000000001191       0x1c ./APP/Src/app_thermostat.o
 .debug_macro   0x00000000000011ad       0x22 ./APP/Src/app_thermostat.o
 .debug_macro   0x00000000000011cf       0xd9 ./APP/Src/app_thermostat.o
 .debug_macro   0x00000000000012a8     0x102d ./APP/Src/app_thermostat.o
 .debug_macro   0x00000000000022d5      0x11f ./APP/Src/app_thermostat.o
 .debug_macro   0x00000000000023f4     0xb86c ./APP/Src/app_thermostat.o
 .debug_macro   0x000000000000dc60       0x6d ./APP/Src/app_thermostat.o
 .debug_macro   0x000000000000dccd      0x143 ./APP/Src/app_thermostat.o
 .debug_macro   0x000000000000de10       0x28 ./APP/Src/app_thermostat.o
 .debug_macro   0x000000000000de38       0x34 ./APP/Src/app_thermostat.o
 .debug_macro   0x000000000000de6c       0x16 ./APP/Src/app_thermostat.o
 .debug_macro   0x000000000000de82      0x5f3 ./APP/Src/app_thermostat.o
 .debug_macro   0x000000000000e475       0x61 ./APP/Src/app_thermostat.o
 .debug_macro   0x000000000000e4d6       0x2a ./APP/Src/app_thermostat.o
 .debug_macro   0x000000000000e500       0x43 ./APP/Src/app_thermostat.o
 .debug_macro   0x000000000000e543       0x34 ./APP/Src/app_thermostat.o
 .debug_macro   0x000000000000e577       0x16 ./APP/Src/app_thermostat.o
 .debug_macro   0x000000000000e58d       0x97 ./APP/Src/app_thermostat.o
 .debug_macro   0x000000000000e624      0x369 ./APP/Src/app_thermostat.o
 .debug_macro   0x000000000000e98d       0xfd ./APP/Src/app_thermostat.o
 .debug_macro   0x000000000000ea8a       0x10 ./APP/Src/app_thermostat.o
 .debug_macro   0x000000000000ea9a       0x16 ./APP/Src/app_thermostat.o
 .debug_macro   0x000000000000eab0       0x43 ./APP/Src/app_thermostat.o
 .debug_macro   0x000000000000eaf3       0x34 ./APP/Src/app_thermostat.o
 .debug_macro   0x000000000000eb27       0x10 ./APP/Src/app_thermostat.o
 .debug_macro   0x000000000000eb37       0x58 ./APP/Src/app_thermostat.o
 .debug_macro   0x000000000000eb8f       0x8e ./APP/Src/app_thermostat.o
 .debug_macro   0x000000000000ec1d       0x1c ./APP/Src/app_thermostat.o
 .debug_macro   0x000000000000ec39      0x177 ./APP/Src/app_thermostat.o
 .debug_macro   0x000000000000edb0       0x16 ./APP/Src/app_thermostat.o
 .debug_macro   0x000000000000edc6       0x16 ./APP/Src/app_thermostat.o
 .debug_macro   0x000000000000eddc      0x147 ./APP/Src/app_thermostat.o
 .debug_macro   0x000000000000ef23       0xe1 ./BSP/Src/bsp_delay.o
 .debug_macro   0x000000000000f004      0x129 ./BSP/Src/bsp_ds18b20.o
 .debug_macro   0x000000000000f12d       0x10 ./BSP/Src/bsp_ds18b20.o
 .debug_macro   0x000000000000f13d       0xff ./BSP/Src/bsp_gpio.o
 .debug_macro   0x000000000000f23c       0xff ./BSP/Src/bsp_lcd.o
 .debug_macro   0x000000000000f33b       0x2e ./BSP/Src/bsp_lcd.o
 .debug_macro   0x000000000000f369      0x147 ./Core/Src/main.o
 .debug_macro   0x000000000000f4b0      0x782 ./Core/Src/main.o
 .debug_macro   0x000000000000fc32      0x116 ./Core/Src/main.o
 .debug_macro   0x000000000000fd48      0x1ab ./Core/Src/main.o
 .debug_macro   0x000000000000fef3       0xe8 ./Core/Src/main.o
 .debug_macro   0x000000000000ffdb      0x1a6 ./Core/Src/main.o
 .debug_macro   0x0000000000010181       0x61 ./Core/Src/main.o
 .debug_macro   0x00000000000101e2       0xbc ./Core/Src/main.o
 .debug_macro   0x000000000001029e      0x1e6 ./Core/Src/main.o
 .debug_macro   0x0000000000010484      0x149 ./Core/Src/main.o
 .debug_macro   0x00000000000105cd       0xa6 ./Core/Src/main.o
 .debug_macro   0x0000000000010673      0x147 ./Core/Src/stm32f4xx_it.o
 .debug_macro   0x00000000000107ba       0xff ./Core/Src/sysmem.o
 .debug_macro   0x00000000000108b9      0x23c ./Core/Src/sysmem.o
 .debug_macro   0x0000000000010af5       0xce ./Core/Src/system_stm32f4xx.o
 .debug_macro   0x0000000000010bc3      0x110 ./Drivers/STM32F4xx_HAL_Driver/Src/stm32f4xx_ll_gpio.o
 .debug_macro   0x0000000000010cd3      0x159 ./Drivers/STM32F4xx_HAL_Driver/Src/stm32f4xx_ll_tim.o
 .debug_macro   0x0000000000010e2c      0x5ed ./Drivers/STM32F4xx_HAL_Driver/Src/stm32f4xx_ll_tim.o
 .debug_macro   0x0000000000011419      0x190 ./Drivers/STM32F4xx_HAL_Driver/Src/stm32f4xx_ll_utils.o
 .debug_macro   0x00000000000115a9       0x5b ./Drivers/STM32F4xx_HAL_Driver/Src/stm32f4xx_ll_utils.o
 .debug_macro   0x0000000000011604      0x788 ./Drivers/STM32F4xx_HAL_Driver/Src/stm32f4xx_ll_utils.o

.debug_line     0x0000000000000000     0x5d08
 .debug_line    0x0000000000000000      0x860 ./APP/Src/app_thermostat.o
 .debug_line    0x0000000000000860      0x5ea ./BSP/Src/bsp_delay.o
 .debug_line    0x0000000000000e4a      0x80f ./BSP/Src/bsp_ds18b20.o
 .debug_line    0x0000000000001659      0x633 ./BSP/Src/bsp_gpio.o
 .debug_line    0x0000000000001c8c      0x6eb ./BSP/Src/bsp_lcd.o
 .debug_line    0x0000000000002377      0xa99 ./Core/Src/main.o
 .debug_line    0x0000000000002e10      0x6c9 ./Core/Src/stm32f4xx_it.o
 .debug_line    0x00000000000034d9      0x579 ./Core/Src/sysmem.o
 .debug_line    0x0000000000003a52      0x572 ./Core/Src/system_stm32f4xx.o
 .debug_line    0x0000000000003fc4       0x7a ./Core/Startup/startup_stm32f401ceux.o
 .debug_line    0x000000000000403e      0x7d1 ./Drivers/STM32F4xx_HAL_Driver/Src/stm32f4xx_ll_gpio.o
 .debug_line    0x000000000000480f      0xb02 ./Drivers/STM32F4xx_HAL_Driver/Src/stm32f4xx_ll_tim.o
 .debug_line    0x0000000000005311      0x9f7 ./Drivers/STM32F4xx_HAL_Driver/Src/stm32f4xx_ll_utils.o

.debug_str      0x0000000000000000    0x631f6
 .debug_str     0x0000000000000000    0x56ad4 ./APP/Src/app_thermostat.o
                                      0x56cce (size before relaxing)
 .debug_str     0x0000000000056ad4       0xa0 ./BSP/Src/bsp_delay.o
                                      0x527be (size before relaxing)
 .debug_str     0x0000000000056b74      0x241 ./BSP/Src/bsp_ds18b20.o
                                      0x53184 (size before relaxing)
 .debug_str     0x0000000000056db5       0x3b ./BSP/Src/bsp_gpio.o
                                      0x53003 (size before relaxing)
 .debug_str     0x0000000000056df0       0x6b ./BSP/Src/bsp_lcd.o
                                      0x5305b (size before relaxing)
 .debug_str     0x0000000000056e5b     0x8e12 ./Core/Src/main.o
                                      0x5be34 (size before relaxing)
 .debug_str     0x000000000005fc6d       0xbd ./Core/Src/stm32f4xx_it.o
                                      0x5b41d (size before relaxing)
 .debug_str     0x000000000005fd2a      0x4dc ./Core/Src/sysmem.o
                                       0x614b (size before relaxing)
 .debug_str     0x0000000000060206       0x77 ./Core/Src/system_stm32f4xx.o
                                      0x4f761 (size before relaxing)
 .debug_str     0x000000000006027d       0x34 ./Core/Startup/startup_stm32f401ceux.o
                                         0x74 (size before relaxing)
 .debug_str     0x00000000000602b1      0x662 ./Drivers/STM32F4xx_HAL_Driver/Src/stm32f4xx_ll_gpio.o
                                      0x50c3a (size before relaxing)
 .debug_str     0x0000000000060913     0x1321 ./Drivers/STM32F4xx_HAL_Driver/Src/stm32f4xx_ll_tim.o
                                      0x5434a (size before relaxing)
 .debug_str     0x0000000000061c34     0x15c2 ./Drivers/STM32F4xx_HAL_Driver/Src/stm32f4xx_ll_utils.o
                                      0x56133 (size before relaxing)

.debug_frame    0x0000000000000000     0x1b80
 .debug_frame   0x0000000000000000       0x94 ./APP/Src/app_thermostat.o
 .debug_frame   0x0000000000000094       0xc4 ./BSP/Src/bsp_delay.o
 .debug_frame   0x0000000000000158      0x1a8 ./BSP/Src/bsp_ds18b20.o
 .debug_frame   0x0000000000000300       0xd0 ./BSP/Src/bsp_gpio.o
 .debug_frame   0x00000000000003d0      0x168 ./BSP/Src/bsp_lcd.o
 .debug_frame   0x0000000000000538      0x460 ./Core/Src/main.o
 .debug_frame   0x0000000000000998      0x108 ./Core/Src/stm32f4xx_it.o
 .debug_frame   0x0000000000000aa0       0x34 ./Core/Src/sysmem.o
 .debug_frame   0x0000000000000ad4       0x58 ./Core/Src/system_stm32f4xx.o
 .debug_frame   0x0000000000000b2c      0x1c0 ./Drivers/STM32F4xx_HAL_Driver/Src/stm32f4xx_ll_gpio.o
 .debug_frame   0x0000000000000cec      0x538 ./Drivers/STM32F4xx_HAL_Driver/Src/stm32f4xx_ll_tim.o
 .debug_frame   0x0000000000001224      0x3f8 ./Drivers/STM32F4xx_HAL_Driver/Src/stm32f4xx_ll_utils.o
 .debug_frame   0x000000000000161c      0x144 C:/ST/STM32CubeIDE_1.13.2/STM32CubeIDE/plugins/com.st.stm32cube.ide.mcu.externaltools.gnu-tools-for-stm32.11.3.rel1.win32_1.1.1.202309131626/tools/bin/../lib/gcc/arm-none-eabi/11.3.1/../../../../arm-none-eabi/lib/thumb/v7e-m+fp/hard\libc_nano.a(libc_a-findfp.o)
 .debug_frame   0x0000000000001760       0x6c C:/ST/STM32CubeIDE_1.13.2/STM32CubeIDE/plugins/com.st.stm32cube.ide.mcu.externaltools.gnu-tools-for-stm32.11.3.rel1.win32_1.1.1.202309131626/tools/bin/../lib/gcc/arm-none-eabi/11.3.1/../../../../arm-none-eabi/lib/thumb/v7e-m+fp/hard\libc_nano.a(libc_a-sprintf.o)
 .debug_frame   0x00000000000017cc       0x38 C:/ST/STM32CubeIDE_1.13.2/STM32CubeIDE/plugins/com.st.stm32cube.ide.mcu.externaltools.gnu-tools-for-stm32.11.3.rel1.win32_1.1.1.202309131626/tools/bin/../lib/gcc/arm-none-eabi/11.3.1/../../../../arm-none-eabi/lib/thumb/v7e-m+fp/hard\libc_nano.a(libc_a-reent.o)
 .debug_frame   0x0000000000001804       0x20 C:/ST/STM32CubeIDE_1.13.2/STM32CubeIDE/plugins/com.st.stm32cube.ide.mcu.externaltools.gnu-tools-for-stm32.11.3.rel1.win32_1.1.1.202309131626/tools/bin/../lib/gcc/arm-none-eabi/11.3.1/../../../../arm-none-eabi/lib/thumb/v7e-m+fp/hard\libc_nano.a(libc_a-errno.o)
 .debug_frame   0x0000000000001824       0x2c C:/ST/STM32CubeIDE_1.13.2/STM32CubeIDE/plugins/com.st.stm32cube.ide.mcu.externaltools.gnu-tools-for-stm32.11.3.rel1.win32_1.1.1.202309131626/tools/bin/../lib/gcc/arm-none-eabi/11.3.1/../../../../arm-none-eabi/lib/thumb/v7e-m+fp/hard\libc_nano.a(libc_a-init.o)
 .debug_frame   0x0000000000001850       0xb0 C:/ST/STM32CubeIDE_1.13.2/STM32CubeIDE/plugins/com.st.stm32cube.ide.mcu.externaltools.gnu-tools-for-stm32.11.3.rel1.win32_1.1.1.202309131626/tools/bin/../lib/gcc/arm-none-eabi/11.3.1/../../../../arm-none-eabi/lib/thumb/v7e-m+fp/hard\libc_nano.a(libc_a-lock.o)
 .debug_frame   0x0000000000001900       0x38 C:/ST/STM32CubeIDE_1.13.2/STM32CubeIDE/plugins/com.st.stm32cube.ide.mcu.externaltools.gnu-tools-for-stm32.11.3.rel1.win32_1.1.1.202309131626/tools/bin/../lib/gcc/arm-none-eabi/11.3.1/../../../../arm-none-eabi/lib/thumb/v7e-m+fp/hard\libc_nano.a(libc_a-freer.o)
 .debug_frame   0x0000000000001938       0x50 C:/ST/STM32CubeIDE_1.13.2/STM32CubeIDE/plugins/com.st.stm32cube.ide.mcu.externaltools.gnu-tools-for-stm32.11.3.rel1.win32_1.1.1.202309131626/tools/bin/../lib/gcc/arm-none-eabi/11.3.1/../../../../arm-none-eabi/lib/thumb/v7e-m+fp/hard\libc_nano.a(libc_a-mallocr.o)
 .debug_frame   0x0000000000001988       0x30 C:/ST/STM32CubeIDE_1.13.2/STM32CubeIDE/plugins/com.st.stm32cube.ide.mcu.externaltools.gnu-tools-for-stm32.11.3.rel1.win32_1.1.1.202309131626/tools/bin/../lib/gcc/arm-none-eabi/11.3.1/../../../../arm-none-eabi/lib/thumb/v7e-m+fp/hard\libc_nano.a(libc_a-mlock.o)
 .debug_frame   0x00000000000019b8       0x90 C:/ST/STM32CubeIDE_1.13.2/STM32CubeIDE/plugins/com.st.stm32cube.ide.mcu.externaltools.gnu-tools-for-stm32.11.3.rel1.win32_1.1.1.202309131626/tools/bin/../lib/gcc/arm-none-eabi/11.3.1/../../../../arm-none-eabi/lib/thumb/v7e-m+fp/hard\libc_nano.a(libc_a-nano-svfprintf.o)
 .debug_frame   0x0000000000001a48       0x60 C:/ST/STM32CubeIDE_1.13.2/STM32CubeIDE/plugins/com.st.stm32cube.ide.mcu.externaltools.gnu-tools-for-stm32.11.3.rel1.win32_1.1.1.202309131626/tools/bin/../lib/gcc/arm-none-eabi/11.3.1/../../../../arm-none-eabi/lib/thumb/v7e-m+fp/hard\libc_nano.a(libc_a-nano-vfprintf_i.o)
 .debug_frame   0x0000000000001aa8       0x28 C:/ST/STM32CubeIDE_1.13.2/STM32CubeIDE/plugins/com.st.stm32cube.ide.mcu.externaltools.gnu-tools-for-stm32.11.3.rel1.win32_1.1.1.202309131626/tools/bin/../lib/gcc/arm-none-eabi/11.3.1/../../../../arm-none-eabi/lib/thumb/v7e-m+fp/hard\libc_nano.a(libc_a-memmove.o)
 .debug_frame   0x0000000000001ad0       0x2c C:/ST/STM32CubeIDE_1.13.2/STM32CubeIDE/plugins/com.st.stm32cube.ide.mcu.externaltools.gnu-tools-for-stm32.11.3.rel1.win32_1.1.1.202309131626/tools/bin/../lib/gcc/arm-none-eabi/11.3.1/../../../../arm-none-eabi/lib/thumb/v7e-m+fp/hard\libc_nano.a(libc_a-sbrkr.o)
 .debug_frame   0x0000000000001afc       0x28 C:/ST/STM32CubeIDE_1.13.2/STM32CubeIDE/plugins/com.st.stm32cube.ide.mcu.externaltools.gnu-tools-for-stm32.11.3.rel1.win32_1.1.1.202309131626/tools/bin/../lib/gcc/arm-none-eabi/11.3.1/../../../../arm-none-eabi/lib/thumb/v7e-m+fp/hard\libc_nano.a(libc_a-memcpy-stub.o)
 .debug_frame   0x0000000000001b24       0x3c C:/ST/STM32CubeIDE_1.13.2/STM32CubeIDE/plugins/com.st.stm32cube.ide.mcu.externaltools.gnu-tools-for-stm32.11.3.rel1.win32_1.1.1.202309131626/tools/bin/../lib/gcc/arm-none-eabi/11.3.1/../../../../arm-none-eabi/lib/thumb/v7e-m+fp/hard\libc_nano.a(libc_a-reallocr.o)
 .debug_frame   0x0000000000001b60       0x20 C:/ST/STM32CubeIDE_1.13.2/STM32CubeIDE/plugins/com.st.stm32cube.ide.mcu.externaltools.gnu-tools-for-stm32.11.3.rel1.win32_1.1.1.202309131626/tools/bin/../lib/gcc/arm-none-eabi/11.3.1/../../../../arm-none-eabi/lib/thumb/v7e-m+fp/hard\libc_nano.a(libc_a-msizer.o)

.debug_line_str
                0x0000000000000000       0x68
 .debug_line_str
                0x0000000000000000       0x68 ./Core/Startup/startup_stm32f401ceux.o
                                         0x80 (size before relaxing)
