../Drivers/STM32F4xx_HAL_Driver/Inc/stm32f4xx_ll_gpio.h:273:22:LL_GPIO_SetPinMode	40	static,ignoring_inline_asm
../Drivers/STM32F4xx_HAL_Driver/Inc/stm32f4xx_ll_gpio.h:800:26:LL_GPIO_IsInputPinSet	16	static
../Drivers/STM32F4xx_HAL_Driver/Inc/stm32f4xx_ll_gpio.h:910:22:LL_GPIO_ResetOutputPin	16	static
../BSP/Src/bsp_ds18b20.c:24:16:DS18B20_Reset	16	static
../BSP/Src/bsp_ds18b20.c:45:13:DS18B20_WriteBit	16	static
../BSP/Src/bsp_ds18b20.c:63:16:DS18B20_ReadBit	16	static
../BSP/Src/bsp_ds18b20.c:81:13:DS18B20_WriteByte	24	static
../BSP/Src/bsp_ds18b20.c:88:16:DS18B20_ReadByte	16	static
../BSP/Src/bsp_ds18b20.c:98:16:DS18B20_CalcCRC8	24	static
../BSP/Src/bsp_ds18b20.c:113:6:BSP_DS18B20_Init	8	static
../BSP/Src/bsp_ds18b20.c:131:8:BSP_DS18B20_ReadTemp	32	static
